*github.com
api.github.com
copilot-proxy.githubusercontent.com
visualstudio.com
auth.github.com
vscode.dev
vscode-auth.github.com
login.microsoftonline.com
auth.github.com
*githubusercontent.com
*githubassets.com
*githubcopilot.com
copilot-proxy.githubusercontent.com
copilot-telemetry.githubusercontent.com
*googlevideo.com
yt-video-upload.l.google.com
yt3.googleusercontent.com
ytimg.com
ytimg.l.google.com
yting.com
yummyani.me
yt3.ggpht.com
wide-youtube.l.google.com
youtrack.cloud
youtu.be
youtube-nocookie.com
youtube-ui.l.google.com
youtube.com
youtubeembeddedplayer.googleapis.com
youtubei.googleapis.com
youtubekids.com
*youtube.com
i.ytimg.com
youtubei.googleapis.com
yt3.ggpht.com
yt3.googleusercontent.com
m.youtube.com
google.com
googleapis.com
gstatic.com
play.google.com
s.youtube.com
www.youtube.com
youtu.be
connectivitycheck.gstatic.com
play.googleapis.com
android.clients.google.com
lh3.googleusercontent.com
youtube-nocookie.com
wide-youtube.l.google.com 
ytimg.l.google.com 
youtubeembeddedplayer.googleapis.com 
facebook.com
facebook.net
meta.com
instagram.com
cdninstagram.com
2ip.ru
heroicons.com
github-copilot.githubusercontent.com
copilot.github.com
assets.githubcopilot.com
production-copilot-dotcom.azureedge.net
*.github.com
*.githubusercontent.com
*.azureedge.net



