*github.com
api.github.com
copilot-proxy.githubusercontent.com
visualstudio.com
auth.github.com
vscode.dev
vscode-auth.github.com
login.microsoftonline.com
auth.github.com
*githubusercontent.com
*githubassets.com
*githubcopilot.com
copilot-proxy.githubusercontent.com
copilot-telemetry.githubusercontent.com
*googlevideo.com
yt3.ggpht.com
*youtube.com
i.ytimg.com
youtubei.googleapis.com
yt3.ggpht.com
yt3.googleusercontent.com
m.youtube.com
google.com
googleapis.com
gstatic.com
play.google.com
s.youtube.com
www.youtube.com
youtu.be
connectivitycheck.gstatic.com
play.googleapis.com
android.clients.google.com
lh3.googleusercontent.com
youtube-nocookie.com
wide-youtube.l.google.com 
ytimg.l.google.com 
youtubeembeddedplayer.googleapis.com 
facebook.com
facebook.net
meta.com
instagram.com
cdninstagram.com
2ip.ru
heroicons.com
github-copilot.githubusercontent.com
copilot.github.com
assets.githubcopilot.com
production-copilot-dotcom.azureedge.net
*.github.com
*.githubusercontent.com
*.azureedge.net
whatsapp.com
whatsapp.net
account.whatsapp.com
acs-fallback.whatsapp.com
api-fallback.whatsapp.com
api.whatsapp.com
autodiscover.whatsapp.com
beta.whatsapp.com
blog.whatsapp.com
blogl.whatsapp.com
business.whatsapp.com
call.whatsapp.com
cast.whatsapp.com
chat-fallback.whatsapp.com
chat.whatsapp.com
dev-web.whatsapp.com
dyn.web.whatsapp.com
faq.whatsapp.com
ftl.whatsapp.com
g.whatsapp.net
g-fallback.whatsapp.net
graph.facebook.com
graph.whatsapp.com
m.whatsapp.com
media-.cdn.whatsapp.net
media.fna.whatsapp.net
media-mxp1-1.cdn.whatsapp.net
media.whatsapp.com
mmg.whatsapp.net
mmx-ds.cdn.whatsapp.net
mms.whatsapp.net
my-od-2.whatsapp.com
my-od-3.whatsapp.com
p.whatsapp.net
pps.whatsapp.net
s.whatsapp.net
scontent.whatsapp.net
sjc.whatsapp.com
static.whatsapp.net
static.whatsapp.com
support.whatsapp.com
test-web.whatsapp.com
translate-dev.whatsapp.com
translate.whatsapp.com
v.whatsapp.com
v.whatsapp.net
w9.web.whatsapp.com
web-t.whatsapp.com
web.whatsapp.com
www.whatsapp.com
wwwl.whatsapp.com

