*.azureedge.net
*.github.com
*.githubusercontent.com
*2ip.ru
*addr.tools
*amnezia.org
*bing.com
*browserleaks.com
*chatgpt.com
*dnsleaktest.com
*docs.amnezia.org
*github.com
*githubassets.com
*githubcopilot.com
*githubusercontent.com
*google.dev
*googlevideo.com
*ishosting.com
*itdog.info
*live.com
*lovetorrent-net.zproxy.org
*microsoft.com
*microsoft365.com
*myip.addr.tools
*netflix.com
*oaistatic.com
*openai.com
*openwrt.org
*pornhub.org
*rt.pornhub.org
*sextorrent.top
*web.telegram.org
*webhook.psn-wallet.com
*whatsapp.net
*youtube.com
2ip.ru
account.whatsapp.com
acs-fallback.whatsapp.com
android.clients.google.com
api-fallback.whatsapp.com
api.github.com
api.whatsapp.com
assets.githubcopilot.com
auth.github.com
autodiscover.whatsapp.com
beta.whatsapp.com
blog.whatsapp.com
blogl.whatsapp.com
business.whatsapp.com
call.whatsapp.com
cast.whatsapp.com
cdninstagram.com
chat-fallback.whatsapp.com
chat.whatsapp.com
connectivitycheck.gstatic.com
copilot-proxy.githubusercontent.com
copilot-telemetry.githubusercontent.com
copilot.github.com
dev-web.whatsapp.com
dyn.web.whatsapp.com
facebook.com
facebook.net
faq.whatsapp.com
ftl.whatsapp.com
g-fallback.whatsapp.net
g.whatsapp.net
github-copilot.githubusercontent.com
google.com
googleapis.com
graph.facebook.com
graph.whatsapp.com
gstatic.com
heroicons.com
i.ytimg.com
instagram.com
lh3.googleusercontent.com
login.microsoftonline.com
m.whatsapp.com
m.youtube.com
media-.cdn.whatsapp.net
media-mxp1-1.cdn.whatsapp.net
media.fna.whatsapp.net
media.whatsapp.com
meta.com
mmg.whatsapp.net
mms.whatsapp.net
mmx-ds.cdn.whatsapp.net
my-od-2.whatsapp.com
my-od-3.whatsapp.com
myip2.ru
p.whatsapp.net
play.google.com
play.googleapis.com
pps.whatsapp.net
production-copilot-dotcom.azureedge.net
s.whatsapp.net
s.youtube.com
scontent.whatsapp.net
sjc.whatsapp.com
static.whatsapp.com
static.whatsapp.net
support.whatsapp.com
test-web.whatsapp.com
translate-dev.whatsapp.com
translate.whatsapp.com
v.whatsapp.com
v.whatsapp.net
visualstudio.com
vscode-auth.github.com
vscode.dev
w9.web.whatsapp.com
web-t.whatsapp.com
web.whatsapp.com
whatsapp.com
whatsapp.net
wide-youtube.l.google.com
www.whatsapp.com
www.youtube.com
wwwl.whatsapp.com
youtu.be
youtube-nocookie.com
youtubeembeddedplayer.googleapis.com
youtubei.googleapis.com
yt3.ggpht.com
yt3.googleusercontent.com
ytimg.l.google.com
